cargo : warning: unused import: `std::collections::HashMap`
At line:1 char:1
+ cargo test -p kern-semantic > test_output.txt 2>&1
+ ~~~~~~~~~~~~~~~~~~~~~~~~~~~~~~~~~~~~~~~~~~~~~~~~~~
    + CategoryInfo          : NotSpecified: (warning: unused...tions::H 
   ashMap`:String) [], RemoteException
    + FullyQualifiedErrorId : NativeCommandError
 
 --> kern-lexer\src\lexer.rs:1:5
  |
1 | use std::collections::HashMap;
  |     ^^^^^^^^^^^^^^^^^^^^^^^^^
  |
  = note: `#[warn(unused_imports)]` (part of `#[warn(unused)]`) on by 
default

warning: unused variable: `start_pos`
   --> kern-lexer\src\lexer.rs:222:21
    |
222 |                 let start_pos = self.position;
    |                     ^^^^^^^^^ help: if this is intentional, 
prefix it with an underscore: `_start_pos`
    |
    = note: `#[warn(unused_variables)]` (part of `#[warn(unused)]`) on 
by default

warning: method `skip_string` is never used
  --> kern-lexer\src\lexer.rs:74:8
   |
14 | impl Lexer {
   | ---------- method in this implementation
...
74 |     fn skip_string(&mut self) {
   |        ^^^^^^^^^^^
   |
   = note: `#[warn(dead_code)]` (part of `#[warn(unused)]`) on by 
default

warning: `kern_lexer` (lib) generated 3 warnings (run `cargo fix --lib 
-p kern_lexer` to apply 2 suggestions)
warning: methods `peek_token` and `is_peek_token` are never used
   --> kern-parser\src\parser.rs:121:8
    |
104 | impl Parser {
    | ----------- methods in this implementation
...
121 |     fn peek_token(&mut self) -> Token {
    |        ^^^^^^^^^^
...
152 |     fn is_peek_token(&mut self, token_type: &TokenType) -> bool {
    |        ^^^^^^^^^^^^^
    |
    = note: `#[warn(dead_code)]` (part of `#[warn(unused)]`) on by 
default

warning: field `predicate_signatures` is never read
  --> kern-parser\src\type_checker.rs:69:5
   |
61 | pub struct TypeChecker {
   |            ----------- field in this struct
...
69 |     predicate_signatures: HashMap<String, Type>,
   |     ^^^^^^^^^^^^^^^^^^^^

warning: field `instruction_operands` is never read
  --> kern-parser\src\bytecode_validation.rs:36:5
   |
34 | pub struct BytecodeCompatibilityValidator {
   |            ------------------------------ field in this struct
35 |     // Map from instruction names to their expected operand types
36 |     instruction_operands: HashMap<String, Vec<String>>,
   |     ^^^^^^^^^^^^^^^^^^^^
   |
   = note: `BytecodeCompatibilityValidator` has a derived impl for the 
trait `Debug`, but this is intentionally ignored during dead code 
analysis

warning: unused variable: `node`
   --> kern-ast\src\visitor.rs:158:36
    |
158 |     fn visit_identifier(&mut self, node: &IdentifierNode) {
    |                                    ^^^^ help: if this is 
intentional, prefix it with an underscore: `_node`
    |
    = note: `#[warn(unused_variables)]` (part of `#[warn(unused)]`) on 
by default

warning: unused variable: `node`
   --> kern-ast\src\visitor.rs:313:36
    |
313 |     fn visit_identifier(&mut self, node: &mut IdentifierNode) {
    |                                    ^^^^ help: if this is 
intentional, prefix it with an underscore: `_node`

warning: variant `Int` is never constructed
  --> kern-ast\src\serializer.rs:21:5
   |
17 | enum FieldKind {
   |      --------- variant in this enum
...
21 |     Int = 3,
   |     ^^^
   |
   = note: `FieldKind` has derived impls for the traits `Clone` and 
`Debug`, but these are intentionally ignored during dead code analysis
   = note: `#[warn(dead_code)]` (part of `#[warn(unused)]`) on by 
default

warning: `kern_parser` (lib) generated 3 warnings
warning: `kern-ast` (lib) generated 3 warnings (run `cargo fix --lib -p 
kern-ast` to apply 2 suggestions)
warning: unused import: `AstNode`
 --> kern-graph-builder\src\graph_builder.rs:2:25
  |
2 |     Action, Assignment, AstNode, Condition, ConstraintDef, Contro...
  |                         ^^^^^^^
  |
  = note: `#[warn(unused_imports)]` (part of `#[warn(unused)]`) on by 
default

warning: variable does not need to be mutable
   --> kern-graph-builder\src\graph_builder.rs:856:21
    |
856 |                 let mut path: Vec<u32> = Vec::new();
    |                     ----^^^^
    |                     |
    |                     help: remove this `mut`
    |
    = note: `#[warn(unused_mut)]` (part of `#[warn(unused)]`) on by 
default

warning: unused variable: `path`
   --> kern-graph-builder\src\graph_builder.rs:856:21
    |
856 |                 let mut path: Vec<u32> = Vec::new();
    |                     ^^^^^^^^ help: if this is intentional, prefix 
it with an underscore: `_path`
    |
    = note: `#[warn(unused_variables)]` (part of `#[warn(unused)]`) on 
by default

warning: variable does not need to be mutable
    --> kern-graph-builder\src\graph_builder.rs:1054:13
     |
1054 |         let mut combined = false;
     |             ----^^^^^^^^
     |             |
     |             help: remove this `mut`

warning: field `source_map` is never read
   --> kern-graph-builder\src\graph_builder.rs:236:5
    |
228 | pub struct GraphBuilder {
    |            ------------ field in this struct
...
236 |     source_map: HashMap<u32, String>, // Maps node IDs to sourc...
    |     ^^^^^^^^^^
    |
    = note: `#[warn(dead_code)]` (part of `#[warn(unused)]`) on by 
default

warning: `kern_graph_builder` (lib) generated 5 warnings (run `cargo 
fix --lib -p kern_graph_builder` to apply 4 suggestions)
warning: unused imports: `Assignment`, `AstNode`, `HaltAction`, 
`IfAction`, and `LoopAction`
  --> kern-semantic\bytecode_validator.rs:9:13
   |
 9 | ...n, Assignment, AstNode, Comparator, Condition, ConstraintDef, 
...
   |       ^^^^^^^^^^  ^^^^^^^
10 | ...yDef, Expression, FlowDef, HaltAction, IfAction, LoopAction, 
P...
   |                               ^^^^^^^^^^  ^^^^^^^^  ^^^^^^^^^^
   |
   = note: `#[warn(unused_imports)]` (part of `#[warn(unused)]`) on by 
default

warning: unused import: `Symbol`
 --> kern-semantic\conflict_detector.rs:6:21
  |
6 | use crate::symbol::{Symbol, SymbolKind};
  |                     ^^^^^^

warning: unused imports: `Assignment`, `AstNode`, `ConstraintDef`, 
`ControlAction`, `EntityDef`, `FlowDef`, `HaltAction`, `IfAction`, 
`LoopAction`, and `Predicate`
 --> kern-semantic\conflict_detector.rs:8:13
  |
8 |     Action, Assignment, AstNode, Comparator, Condition, 
ConstraintDef, ControlAction, D...
  |             ^^^^^^^^^^  ^^^^^^^                         
^^^^^^^^^^^^^  ^^^^^^^^^^^^^
9 |     EntityDef, Expression, FlowDef, HaltAction, IfAction, 
LoopAction, Predicate, Progra...
  |     ^^^^^^^^^              ^^^^^^^  ^^^^^^^^^^  ^^^^^^^^  
^^^^^^^^^^  ^^^^^^^^^

warning: unused import: `HashMap`
  --> kern-semantic\conflict_detector.rs:12:24
   |
12 | use std::collections::{HashMap, HashSet};
   |                        ^^^^^^^

warning: unused import: `Symbol`
 --> kern-semantic\dependency_graph.rs:6:21
  |
6 | use crate::symbol::{Symbol, SymbolKind};
  |                     ^^^^^^

warning: unused imports: `Assignment`, `AstNode`, `HaltAction`, 
`IfAction`, `LoopAction`, and `Predicate`
 --> kern-semantic\dependency_graph.rs:8:13
  |
8 | ...n, Assignment, AstNode, Condition, ConstraintDef, ControlActio...
  |       ^^^^^^^^^^  ^^^^^^^
9 | ...ssion, FlowDef, HaltAction, IfAction, LoopAction, Predicate, P...
  |                    ^^^^^^^^^^  ^^^^^^^^  ^^^^^^^^^^  ^^^^^^^^^

warning: unused import: `VecDeque`
  --> kern-semantic\dependency_graph.rs:11:42
   |
11 | use std::collections::{HashMap, HashSet, VecDeque};
   |                                          ^^^^^^^^

warning: variant `TYPE_MISMATCH` should have an upper camel case name
  --> kern-semantic\diagnostics.rs:20:5
   |
20 |     TYPE_MISMATCH,
   |     ^^^^^^^^^^^^^ help: convert the identifier to upper camel 
case: `TypeMismatch`
   |
   = note: `#[warn(non_camel_case_types)]` (part of 
`#[warn(nonstandard_style)]`) on by default

warning: variant `INVALID_TYPE` should have an upper camel case name
  --> kern-semantic\diagnostics.rs:21:5
   |
21 |     INVALID_TYPE,
   |     ^^^^^^^^^^^^ help: convert the identifier to upper camel case: 
`InvalidType`

warning: variant `UNKNOWN_TYPE` should have an upper camel case name
  --> kern-semantic\diagnostics.rs:22:5
   |
22 |     UNKNOWN_TYPE,
   |     ^^^^^^^^^^^^ help: convert the identifier to upper camel case: 
`UnknownType`

warning: variant `UNDECLARED_SYMBOL` should have an upper camel case 
name
  --> kern-semantic\diagnostics.rs:25:5
   |
25 |     UNDECLARED_SYMBOL,
   |     ^^^^^^^^^^^^^^^^^ help: convert the identifier to upper camel 
case: `UndeclaredSymbol`

warning: variant `DUPLICATE_DECLARATION` should have an upper camel 
case name
  --> kern-semantic\diagnostics.rs:26:5
   |
26 |     DUPLICATE_DECLARATION,
   |     ^^^^^^^^^^^^^^^^^^^^^ help: convert the identifier to upper 
camel case: `DuplicateDeclaration`

warning: variant `ILLEGAL_SHADOWING` should have an upper camel case 
name
  --> kern-semantic\diagnostics.rs:27:5
   |
27 |     ILLEGAL_SHADOWING,
   |     ^^^^^^^^^^^^^^^^^ help: convert the identifier to upper camel 
case: `IllegalShadowing`

warning: variant `CYCLIC_DEPENDENCY` should have an upper camel case 
name
  --> kern-semantic\diagnostics.rs:30:5
   |
30 |     CYCLIC_DEPENDENCY,
   |     ^^^^^^^^^^^^^^^^^ help: convert the identifier to upper camel 
case: `CyclicDependency`

warning: variant `SELF_DEPENDENCY` should have an upper camel case name
  --> kern-semantic\diagnostics.rs:31:5
   |
31 |     SELF_DEPENDENCY,
   |     ^^^^^^^^^^^^^^^ help: convert the identifier to upper camel 
case: `SelfDependency`

warning: variant `RULE_CONFLICT` should have an upper camel case name
  --> kern-semantic\diagnostics.rs:34:5
   |
34 |     RULE_CONFLICT,
   |     ^^^^^^^^^^^^^ help: convert the identifier to upper camel 
case: `RuleConflict`

warning: variant `OVERLAPPING_CONDITIONS` should have an upper camel 
case name
  --> kern-semantic\diagnostics.rs:35:5
   |
35 |     OVERLAPPING_CONDITIONS,
   |     ^^^^^^^^^^^^^^^^^^^^^^ help: convert the identifier to upper 
camel case: `OverlappingConditions`

warning: variant `MUTUALLY_EXCLUSIVE_ACTIONS` should have an upper 
camel case name
  --> kern-semantic\diagnostics.rs:36:5
   |
36 |     MUTUALLY_EXCLUSIVE_ACTIONS,
   |     ^^^^^^^^^^^^^^^^^^^^^^^^^^ help: convert the identifier to 
upper camel case: `MutuallyExclusiveActions`

warning: variant `UNSUPPORTED_TYPE_FOR_BYTECODE` should have an upper 
camel case name
  --> kern-semantic\diagnostics.rs:39:5
   |
39 |     UNSUPPORTED_TYPE_FOR_BYTECODE,
   |     ^^^^^^^^^^^^^^^^^^^^^^^^^^^^^ help: convert the identifier to 
upper camel case: `UnsupportedTypeForBytecode`

warning: variant `DYNAMIC_TYPE_REQUIRED` should have an upper camel 
case name
  --> kern-semantic\diagnostics.rs:40:5
   |
40 |     DYNAMIC_TYPE_REQUIRED,
   |     ^^^^^^^^^^^^^^^^^^^^^ help: convert the identifier to upper 
camel case: `DynamicTypeRequired`

warning: variant `STACK_UNDERFLOW_RISK` should have an upper camel case 
name
  --> kern-semantic\diagnostics.rs:41:5
   |
41 |     STACK_UNDERFLOW_RISK,
   |     ^^^^^^^^^^^^^^^^^^^^ help: convert the identifier to upper 
camel case: `StackUnderflowRisk`

warning: variant `SYNTAX_ERROR` should have an upper camel case name
  --> kern-semantic\diagnostics.rs:45:5
   |
45 |     SYNTAX_ERROR,
   |     ^^^^^^^^^^^^ help: convert the identifier to upper camel case: 
`SyntaxError`

warning: variant `SEMANTIC_ERROR` should have an upper camel case name
  --> kern-semantic\diagnostics.rs:46:5
   |
46 |     SEMANTIC_ERROR,
   |     ^^^^^^^^^^^^^^ help: convert the identifier to upper camel 
case: `SemanticError`

warning: unused imports: `AstNode` and `HaltAction`
  --> kern-semantic\resolver.rs:9:25
   |
 9 |     Action, Assignment, AstNode, Condition, ConstraintDef, Contr...
   |                         ^^^^^^^
10 |     Expression, FlowDef, HaltAction, IfAction, LoopAction, Predi...
   |                          ^^^^^^^^^^

warning: unused import: `VecDeque`
 --> kern-semantic\scope.rs:6:33
  |
6 | use std::collections::{HashMap, VecDeque};
  |                                 ^^^^^^^^

warning: unused import: `TypeKind`
 --> kern-semantic\symbol.rs:5:36
  |
5 | use crate::types::{TypeDescriptor, TypeKind};
  |                                    ^^^^^^^^

warning: unused imports: `SymbolKind` and `Symbol`
 --> kern-semantic\type_checker.rs:6:21
  |
6 | use crate::symbol::{Symbol, SymbolKind};
  |                     ^^^^^^  ^^^^^^^^^^

warning: unused imports: `AstNode`, `HaltAction`, and `LogicalOp`
  --> kern-semantic\type_checker.rs:9:25
   |
 9 | ...ignment, AstNode, Comparator, Condition, ConstraintDef, Contr...
   |             ^^^^^^^
10 | ...Expression, FlowDef, HaltAction, IfAction, LogicalOp, LoopAct...
   |                         ^^^^^^^^^^            ^^^^^^^^^

warning: unused import: `std::collections::HashMap`
 --> kern-semantic\types.rs:5:5
  |
5 | use std::collections::HashMap;
  |     ^^^^^^^^^^^^^^^^^^^^^^^^^

warning: unused variable: `op`
   --> kern-semantic\bytecode_validator.rs:172:40
    |
172 |             Condition::LogicalOp(left, op, right) => {
    |                                        ^^ help: if this is 
intentional, prefix it with an underscore: `_op`
    |
    = note: `#[warn(unused_variables)]` (part of `#[warn(unused)]`) on 
by default

warning: unused variable: `location`
   --> kern-semantic\bytecode_validator.rs:209:25
    |
209 |                     let location = crate::symbol::SourceLocatio...
    |                         ^^^^^^^^ help: if this is intentional, 
prefix it with an underscore: `_location`

warning: unused variable: `field`
   --> kern-semantic\bytecode_validator.rs:217:40
    |
217 |             Term::QualifiedRef(entity, field) => {
    |                                        ^^^^^ help: if this is 
intentional, prefix it with an underscore: `_field`

warning: unused variable: `location`
   --> kern-semantic\bytecode_validator.rs:225:25
    |
225 |                     let location = crate::symbol::SourceLocatio...
    |                         ^^^^^^^^ help: if this is intentional, 
prefix it with an underscore: `_location`

warning: unused variable: `location`
   --> kern-semantic\bytecode_validator.rs:242:17
    |
242 |             let location = crate::symbol::SourceLocation::new("...
    |                 ^^^^^^^^ help: if this is intentional, prefix it 
with an underscore: `_location`

warning: unused variable: `location`
   --> kern-semantic\bytecode_validator.rs:269:25
    |
269 |                     let location = crate::symbol::SourceLocatio...
    |                         ^^^^^^^^ help: if this is intentional, 
prefix it with an underscore: `_location`

warning: unused variable: `op`
   --> kern-semantic\conflict_detector.rs:145:40
    |
145 |             Condition::LogicalOp(left, op, right) => {
    |                                        ^^ help: if this is 
intentional, prefix it with an underscore: `_op`

warning: unused variable: `op`
   --> kern-semantic\conflict_detector.rs:158:44
    |
158 |             Expression::Comparison { left, op, right } => {
    |                                            ^^ help: try ignoring 
the field: `op: _`

warning: unused variable: `op`
   --> kern-semantic\dependency_graph.rs:177:40
    |
177 |             Condition::LogicalOp(left, op, right) => {
    |                                        ^^ help: if this is 
intentional, prefix it with an underscore: `_op`

warning: unused variable: `op`
   --> kern-semantic\dependency_graph.rs:190:44
    |
190 |             Expression::Comparison { left, op, right } => {
    |                                            ^^ help: try ignoring 
the field: `op: _`

warning: unused variable: `op`
   --> kern-semantic\resolver.rs:243:40
    |
243 |             Condition::LogicalOp(left, op, right) => {
    |                                        ^^ help: if this is 
intentional, prefix it with an underscore: `_op`

warning: unused variable: `op`
   --> kern-semantic\resolver.rs:252:44
    |
252 |             Expression::Comparison { left, op, right } => {
    |                                            ^^ help: try ignoring 
the field: `op: _`

warning: unused variable: `field`
   --> kern-semantic\resolver.rs:275:40
    |
275 |             Term::QualifiedRef(entity, field) => {
    |                                        ^^^^^ help: if this is 
intentional, prefix it with an underscore: `_field`

warning: variable does not need to be mutable
  --> kern-semantic\scope.rs:87:38
   |
87 | ...mbol(&mut self, mut symbol: Symbol) -> Result<u32, String> {
   |                    ----^^^^^^
   |                    |
   |                    help: remove this `mut`
   |
   = note: `#[warn(unused_mut)]` (part of `#[warn(unused)]`) on by 
default

warning: unused variable: `id`
   --> kern-semantic\scope.rs:175:39
    |
175 | ...up_symbol_by_id(&self, id: u32) -> Option<&Symbol> {
    |                           ^^ help: if this is intentional, prefix 
it with an underscore: `_id`

warning: unused variable: `symbol`
   --> kern-semantic\scope.rs:178:13
    |
178 |         for symbol in self.symbols.values() {
    |             ^^^^^^ help: if this is intentional, prefix it with 
an underscore: `_symbol`

warning: unused variable: `op`
   --> kern-semantic\type_checker.rs:203:40
    |
203 |             Condition::LogicalOp(left, op, right) => {
    |                                        ^^ help: if this is 
intentional, prefix it with an underscore: `_op`

warning: unused variable: `location`
   --> kern-semantic\type_checker.rs:313:25
    |
313 |                     let location = crate::symbol::SourceLocatio...
    |                         ^^^^^^^^ help: if this is intentional, 
prefix it with an underscore: `_location`

warning: unused variable: `field`
   --> kern-semantic\type_checker.rs:324:40
    |
324 |             Term::QualifiedRef(entity, field) => {
    |                                        ^^^^^ help: if this is 
intentional, prefix it with an underscore: `_field`

warning: unused variable: `entity_symbol`
   --> kern-semantic\type_checker.rs:326:29
    |
326 | ...       if let Some(entity_symbol) = self.resolver.scope_mana...
    |                       ^^^^^^^^^^^^^ help: if this is intentional, 
prefix it with an underscore: `_entity_symbol`

warning: unused variable: `location`
   --> kern-semantic\type_checker.rs:332:25
    |
332 |                     let location = crate::symbol::SourceLocatio...
    |                         ^^^^^^^^ help: if this is intentional, 
prefix it with an underscore: `_location`

warning: unused variable: `location`
   --> kern-semantic\type_checker.rs:403:17
    |
403 |             let location = crate::symbol::SourceLocation::new("...
    |                 ^^^^^^^^ help: if this is intentional, prefix it 
with an underscore: `_location`

warning: methods `is_tautology` and `is_contradiction` are never used
   --> kern-semantic\conflict_detector.rs:254:8
    |
 45 | impl ConflictDetector {
    | --------------------- methods in this implementation
...
254 |     fn is_tautology(&self, condition: &Condition) -> bool {
    |        ^^^^^^^^^^^^
...
271 |     fn is_contradiction(&self, condition: &Condition) -> bool {
    |        ^^^^^^^^^^^^^^^^
    |
    = note: `#[warn(dead_code)]` (part of `#[warn(unused)]`) on by 
default

warning: variable does not need to be mutable
   --> kern-semantic\dependency_graph.rs:448:13
    |
448 |         let mut dep_graph = DependencyGraph::new(resolver);
    |             ----^^^^^^^^^
    |             |
    |             help: remove this `mut`
    |
    = note: `#[warn(unused_mut)]` (part of `#[warn(unused)]`) on by 
default

warning: variable does not need to be mutable
  --> kern-semantic\scope.rs:87:38
   |
87 | ...mbol(&mut self, mut symbol: Symbol) -> Result<u32, String> {
   |                    ----^^^^^^
   |                    |
   |                    help: remove this `mut`

warning: `kern-semantic` (lib) generated 52 warnings (run `cargo fix 
--lib -p kern-semantic` to apply 35 suggestions)
warning: `kern-semantic` (lib test) generated 52 warnings (50 
duplicates) (run `cargo fix --lib -p kern-semantic --tests` to apply 2 
suggestions)
    Finished `test` profile [unoptimized + debuginfo] target(s) in 0.17s
     Running unittests lib.rs 
(target\debug\deps\kern_semantic-4b2624ef65036848.exe)

running 29 tests
test bytecode_validator::tests::test_bytecode_validator_creation ... ok
test bytecode_validator::tests::test_simple_bytecode_validation ... FAILED
test conflict_detector::tests::test_conflict_detector_creation ... ok
test bytecode_validator::tests::test_type_to_bytecode_mapping ... ok
test conflict_detector::tests::test_conflicting_rules ... FAILED
test conflict_detector::tests::test_simple_conflict_detection ... FAILED
test dependency_graph::tests::test_dependency_graph_creation ... ok
test dependency_graph::tests::test_simple_dependency_analysis ... FAILED
test dependency_graph::tests::test_topological_sort ... FAILED
test diagnostics::tests::test_diagnostic_codes_display ... ok
test diagnostics::tests::test_diagnostic_creation ... ok
test diagnostics::tests::test_diagnostic_formatting ... ok
test diagnostics::tests::test_diagnostic_reporter ... ok
test resolver::tests::test_resolver_creation ... ok
test resolver::tests::test_simple_resolution ... FAILED
test scope::tests::test_nested_scopes ... FAILED
test scope::tests::test_scope_creation ... ok
test scope::tests::test_symbol_declaration ... FAILED
test symbol::tests::test_duplicate_symbol_error ... ok
test symbol::tests::test_symbol_creation ... ok
test symbol::tests::test_symbol_table ... ok
test tests::test_semantic_analyzer_creation ... ok
test tests::test_complete_semantic_analysis ... FAILED
test type_checker::tests::test_simple_type_checking ... FAILED
test type_checker::tests::test_type_checker_creation ... ok
test types::tests::test_composite_types ... ok
test types::tests::test_entity_type ... ok
test types::tests::test_type_compatibility ... ok
test types::tests::test_type_creation ... ok

failures:

---- bytecode_validator::tests::test_simple_bytecode_validation stdout ----

thread 'bytecode_validator::tests::test_simple_bytecode_validation' (9892) panicked at kern-semantic\bytecode_validator.rs:407:46:
Failed to parse program: [ParseError { message: "Expected ':' after rule name, got If", line: 14, column: 25, position: 132 }, ParseError { message: "Expected LeftParen, got RightParen", line: 22, column: 38, position: 258 }]
note: run with `RUST_BACKTRACE=1` environment variable to display a backtrace

---- conflict_detector::tests::test_conflicting_rules stdout ----

thread 'conflict_detector::tests::test_conflicting_rules' (2728) panicked at kern-semantic\conflict_detector.rs:388:46:
Failed to parse program: [ParseError { message: "Expected ':' after rule name, got If", line: 13, column: 25, position: 110 }, ParseError { message: "Expected ':' after rule name, got If", line: 20, column: 25, position: 215 }, ParseError { message: "Expected LeftParen, got RightParen", line: 27, column: 38, position: 337 }]

---- conflict_detector::tests::test_simple_conflict_detection stdout ----

thread 'conflict_detector::tests::test_simple_conflict_detection' (14280) panicked at kern-semantic\conflict_detector.rs:341:46:
Failed to parse program: [ParseError { message: "Expected ':' after rule name, got If", line: 14, column: 25, position: 131 }, ParseError { message: "Expected ':' after rule name, got If", line: 22, column: 25, position: 236 }, ParseError { message: "Expected LeftParen, got RightParen", line: 29, column: 38, position: 350 }]

---- dependency_graph::tests::test_simple_dependency_analysis stdout ----

thread 'dependency_graph::tests::test_simple_dependency_analysis' (13516) panicked at kern-semantic\dependency_graph.rs:474:46:
Failed to parse program: [ParseError { message: "Expected ':' after rule name, got If", line: 14, column: 25, position: 132 }, ParseError { message: "Expected LeftParen, got RightParen", line: 22, column: 38, position: 258 }]

---- dependency_graph::tests::test_topological_sort stdout ----

thread 'dependency_graph::tests::test_topological_sort' (7156) panicked at kern-semantic\dependency_graph.rs:513:46:
Failed to parse program: [ParseError { message: "Expected ':' after rule name, got If", line: 13, column: 25, position: 113 }, ParseError { message: "Expected LeftParen, got RightParen", line: 20, column: 38, position: 222 }]

---- resolver::tests::test_simple_resolution stdout ----

thread 'resolver::tests::test_simple_resolution' (11660) panicked at kern-semantic\resolver.rs:417:46:
Failed to parse program: [ParseError { message: "Expected ':' after rule name, got If", line: 14, column: 25, position: 132 }, ParseError { message: "Expected LeftParen, got RightParen", line: 22, column: 38, position: 258 }]

---- scope::tests::test_nested_scopes stdout ----

thread 'scope::tests::test_nested_scopes' (6860) panicked at kern-semantic\scope.rs:256:9:
assertion failed: scope_manager.resolve_symbol("global_var").is_some()

---- scope::tests::test_symbol_declaration stdout ----

thread 'scope::tests::test_symbol_declaration' (9900) panicked at kern-semantic\scope.rs:222:9:
assertion failed: scope_manager.resolve_symbol("test_var").is_some()

---- tests::test_complete_semantic_analysis stdout ----

thread 'tests::test_complete_semantic_analysis' (12476) panicked at kern-semantic\lib.rs:172:46:
Failed to parse program: [ParseError { message: "Expected ':' after rule name, got If", line: 14, column: 25, position: 132 }, ParseError { message: "Expected LeftParen, got RightParen", line: 21, column: 38, position: 252 }]

---- type_checker::tests::test_simple_type_checking stdout ----

thread 'type_checker::tests::test_simple_type_checking' (8280) panicked at kern-semantic\type_checker.rs:506:46:
Failed to parse program: [ParseError { message: "Expected ':' after rule name, got If", line: 14, column: 25, position: 132 }, ParseError { message: "Expected LeftParen, got RightParen", line: 22, column: 38, position: 258 }]


failures:
    bytecode_validator::tests::test_simple_bytecode_validation
    conflict_detector::tests::test_conflicting_rules
    conflict_detector::tests::test_simple_conflict_detection
    dependency_graph::tests::test_simple_dependency_analysis
    dependency_graph::tests::test_topological_sort
    resolver::tests::test_simple_resolution
    scope::tests::test_nested_scopes
    scope::tests::test_symbol_declaration
    tests::test_complete_semantic_analysis
    type_checker::tests::test_simple_type_checking

test result: FAILED. 19 passed; 10 failed; 0 ignored; 0 measured; 0 filtered out; finished in 0.03s

error: test failed, to rerun pass `-p kern-semantic --lib`
